 
 1          OPTIONS NONOTES NOSTIMER NOSOURCE NOSYNTAXCHECK;
 68         
 69         OPTIONS VALIDVARNAME=ANY;
 70         
 71         proc corr data = &project outplc = polychor polychoric noprint;
 72         var &names ;
 73         run;
 
 WARNING: The number of groups for variable v000050 is less than 2, the affected polychoric correlations are set to missing.
 WARNING: The number of groups for variable v000186 is less than 2, the affected polychoric correlations are set to missing.
 WARNING: The number of groups for variable v000436 is less than 2, the affected polychoric correlations are set to missing.
 WARNING: The number of groups for variable v000467 is less than 2, the affected polychoric correlations are set to missing.
 WARNING: The number of groups for variable v000502 is less than 2, the affected polychoric correlations are set to missing.
 WARNING: The number of groups for variable v000528 is less than 2, the affected polychoric correlations are set to missing.
 WARNING: The number of groups for variable v000634 is less than 2, the affected polychoric correlations are set to missing.
 WARNING: The number of groups for variable v000644 is less than 2, the affected polychoric correlations are set to missing.
 WARNING: The number of groups for variable v000693 is less than 2, the affected polychoric correlations are set to missing.
 WARNING: The number of groups for variable v000724 is less than 2, the affected polychoric correlations are set to missing.
 WARNING: The number of groups for variable v000857 is less than 2, the affected polychoric correlations are set to missing.
 WARNING: The number of groups for variable v000860 is less than 2, the affected polychoric correlations are set to missing.
 WARNING: The number of groups for variable v000871 is less than 2, the affected polychoric correlations are set to missing.
 WARNING: The number of groups for variable v000979 is less than 2, the affected polychoric correlations are set to missing.
 WARNING: The number of groups for variable v000999 is less than 2, the affected polychoric correlations are set to missing.
 WARNING: The algorithm for polychoric correlation between v001011 and v000671 did not converge.
 NOTE: The data set WORK.POLYCHOR has 1044 observations and 1043 variables.
 NOTE: PROCEDURE CORR used (Total process time):
       real time           5:11.93
       user cpu time       5:08.68
       system cpu time     0.76 seconds
       memory              884767.53k
       OS Memory           971000.00k
       Timestamp           17/09/2026 06:19:03 PM
       Step Count                        88  Switch Count  5
       Page Faults                       0
       Page Reclaims                     286723
       Page Swaps                        0
       Voluntary Context Switches        37
       Involuntary Context Switches      1480
       Block Input Operations            0
       Block Output Operations           18264
       
 
 74         
 75         OPTIONS NONOTES NOSTIMER NOSOURCE NOSYNTAXCHECK;
 85         