 
 1          OPTIONS NONOTES NOSTIMER NOSOURCE NOSYNTAXCHECK;
 68         
 69         data scores_grouped;
 70             set scores;
 71             length group $40;
 WARNING: Length of character variable group has already been set. 
          Use the LENGTH statement as the very first statement in the DATA STEP to declare the length of a character variable.
 72             group = group;
 73         run;
 
 NOTE: There were 35781 observations read from the data set WORK.SCORES.
 NOTE: The data set WORK.SCORES_GROUPED has 35781 observations and 1023 variables.
 NOTE: DATA statement used (Total process time):
       real time           0.20 seconds
       user cpu time       0.04 seconds
       system cpu time     0.17 seconds
       memory              4688.87k
       OS Memory           31920.00k
       Timestamp           17/09/2026 06:59:47 PM
       Step Count                        413  Switch Count  5
       Page Faults                       0
       Page Reclaims                     541
       Page Swaps                        0
       Voluntary Context Switches        20
       Involuntary Context Switches      0
       Block Input Operations            0
       Block Output Operations           611088
       
 
 74         
 75         OPTIONS NONOTES NOSTIMER NOSOURCE NOSYNTAXCHECK;
 85         