 
 1          OPTIONS NONOTES NOSTIMER NOSOURCE NOSYNTAXCHECK;
 68         
 69         OPTIONS VALIDVARNAME=ANY;
 70         
 71         proc corr data = &project outplc = polychor polychoric noprint;
 72         var &names ;
 73         run;
 
 WARNING: The number of groups for variable v000046 is less than 2, the affected polychoric correlations are set to missing.
 WARNING: The number of groups for variable v000178 is less than 2, the affected polychoric correlations are set to missing.
 WARNING: The number of groups for variable v000423 is less than 2, the affected polychoric correlations are set to missing.
 WARNING: The number of groups for variable v000450 is less than 2, the affected polychoric correlations are set to missing.
 WARNING: The number of groups for variable v000481 is less than 2, the affected polychoric correlations are set to missing.
 WARNING: The number of groups for variable v000505 is less than 2, the affected polychoric correlations are set to missing.
 WARNING: The number of groups for variable v000539 is less than 2, the affected polychoric correlations are set to missing.
 WARNING: The algorithm for polychoric correlation between v000578 and v000426 did not converge.
 WARNING: The number of groups for variable v000606 is less than 2, the affected polychoric correlations are set to missing.
 WARNING: The number of groups for variable v000613 is less than 2, the affected polychoric correlations are set to missing.
 WARNING: The number of groups for variable v000617 is less than 2, the affected polychoric correlations are set to missing.
 WARNING: The number of groups for variable v000665 is less than 2, the affected polychoric correlations are set to missing.
 WARNING: The number of groups for variable v000828 is less than 2, the affected polychoric correlations are set to missing.
 WARNING: The number of groups for variable v000831 is less than 2, the affected polychoric correlations are set to missing.
 WARNING: The number of groups for variable v000844 is less than 2, the affected polychoric correlations are set to missing.
 WARNING: The number of groups for variable v000950 is less than 2, the affected polychoric correlations are set to missing.
 WARNING: The number of groups for variable v000967 is less than 2, the affected polychoric correlations are set to missing.
 WARNING: The algorithm for polychoric correlation between v000979 and v000642 did not converge.
 WARNING: The number of groups for variable v000994 is less than 2, the affected polychoric correlations are set to missing.
 NOTE: The data set WORK.POLYCHOR has 1015 observations and 1014 variables.
 NOTE: PROCEDURE CORR used (Total process time):
       real time           6:04.58
       user cpu time       6:00.86
       system cpu time     0.82 seconds
       memory              907813.18k
       OS Memory           955208.00k
       Timestamp           17/09/2026 06:50:46 PM
       Step Count                        83  Switch Count  5
       Page Faults                       0
       Page Reclaims                     289152
       Page Swaps                        0
       Voluntary Context Switches        39
       Involuntary Context Switches      1615
       Block Input Operations            0
       Block Output Operations           16720
       
 
 74         
 75         OPTIONS NONOTES NOSTIMER NOSOURCE NOSYNTAXCHECK;
 85         